// Jest Snapshot v1, https://goo.gl/fbAQLP

exports[`TodoList should match snapshot 1`] = `
<div
  className="sc-AxirZ cOKHlg"
>
  <h3>
    My Todo List
  </h3>
  <label>
    Todo: 
    <input
      onChange={[Function]}
      value=""
    />
  </label>
  <button
    onClick={[Function]}
  >
    Add
  </button>
  <div>
    <div />
  </div>
</div>
`;
